2026-07-28 15:08:04.404996: W tensorflow/stream_executor/platform/default/dso_loader.cc:59] Could not load dynamic library 'libcudart.so.10.1'; dlerror: libcudart.so.10.1: cannot open shared object file: No such file or directory; LD_LIBRARY_PATH: /opt/ros/humble/opt/rviz_ogre_vendor/lib:/opt/ros/humble/lib/x86_64-linux-gnu:/opt/ros/humble/lib:/usr/local/cuda-12.2/lib64:
2026-07-28 15:08:04.405013: I tensorflow/stream_executor/cuda/cudart_stub.cc:29] Ignore above cudart dlerror if you do not have a GPU set up on your machine.
2026-07-28 15:08:05.935207: I tensorflow/stream_executor/platform/default/dso_loader.cc:48] Successfully opened dynamic library libcuda.so.1
2026-07-28 15:08:05.939629: E tensorflow/stream_executor/cuda/cuda_driver.cc:314] failed call to cuInit: CUDA_ERROR_NO_DEVICE: no CUDA-capable device is detected
2026-07-28 15:08:05.939650: I tensorflow/stream_executor/cuda/cuda_diagnostics.cc:169] retrieving CUDA diagnostic information for host: hciss15-MS-7D43
2026-07-28 15:08:05.939654: I tensorflow/stream_executor/cuda/cuda_diagnostics.cc:176] hostname: hciss15-MS-7D43
2026-07-28 15:08:05.939883: I tensorflow/stream_executor/cuda/cuda_diagnostics.cc:200] libcuda reported version is: 550.144.3
2026-07-28 15:08:05.939900: I tensorflow/stream_executor/cuda/cuda_diagnostics.cc:204] kernel reported version is: 550.144.3
2026-07-28 15:08:05.939903: I tensorflow/stream_executor/cuda/cuda_diagnostics.cc:310] kernel version seems to match DSO: 550.144.3
2026-07-28 15:08:05.965286: I tensorflow/core/platform/cpu_feature_guard.cc:142] This TensorFlow binary is optimized with oneAPI Deep Neural Network Library (oneDNN)to use the following CPU instructions in performance-critical operations:  AVX2 FMA
To enable them in other operations, rebuild TensorFlow with the appropriate compiler flags.
2026-07-28 15:08:05.972076: I tensorflow/core/platform/profile_utils/cpu_utils.cc:104] CPU Frequency: 2112000000 Hz
2026-07-28 15:08:05.972804: I tensorflow/compiler/xla/service/service.cc:168] XLA service 0x434bd670 initialized for platform Host (this does not guarantee that XLA will be used). Devices:
2026-07-28 15:08:05.972817: I tensorflow/compiler/xla/service/service.cc:176]   StreamExecutor device (0): Host, Default Version
WARNING:tensorflow:From /media/hcis-s15/ssd22/test/physical-ai25/hw3_demo/ravens/ravens/agents/transporter.py:167: set_learning_phase (from tensorflow.python.keras.backend) is deprecated and will be removed after 2020-10-11.
Instructions for updating:
Simply pass a True/False value to the `training` argument of the `__call__` method of your layer or model.
W0728 15:08:07.640604 138680878794560 deprecation.py:323] From /media/hcis-s15/ssd22/test/physical-ai25/hw3_demo/ravens/ravens/agents/transporter.py:167: set_learning_phase (from tensorflow.python.keras.backend) is deprecated and will be removed after 2020-10-11.
Instructions for updating:
Simply pass a True/False value to the `training` argument of the `__call__` method of your layer or model.
['/media/hcis-s15/ssd22/test/physical-ai25/hw3_demo/ravens/ravens', '/opt/ros/humble/lib/python3.10/site-packages', '/opt/ros/humble/local/lib/python3.10/dist-packages', '/home/hcis-s15/miniconda3/envs/pdm-hw3/lib/python37.zip', '/home/hcis-s15/miniconda3/envs/pdm-hw3/lib/python3.7', '/home/hcis-s15/miniconda3/envs/pdm-hw3/lib/python3.7/lib-dynload', '/home/hcis-s15/.local/lib/python3.7/site-packages', '/home/hcis-s15/.local/lib/python3.7/site-packages/ravens-0.1-py3.7.egg', '/home/hcis-s15/miniconda3/envs/ravens/lib/python3.7/site-packages', '/home/hcis-s15/miniconda3/envs/pdm-hw3/lib/python3.7/site-packages', '/home/hcis-s15/miniconda3/envs/ravens/lib/python3.7/site-packages/IPython/extensions', '/media/hcis-s15/ssd22/test/physical-ai25/hw3_demo/ravens/ravens/environments/../../..']
No GPUs detected. Running with CPU.
Loading pre-trained model at 20000 iterations.
============================ Task 3 : Transporter Network ============================

Test: 1/10
Total Reward: 1.0 Done: True
Test: 2/10
Total Reward: 1.0 Done: True
Test: 3/10
Total Reward: 1.0 Done: True
Test: 4/10
Total Reward: 1.0 Done: True
Test: 5/10
Total Reward: 1.0 Done: True
Test: 6/10
Total Reward: 1.0 Done: True
Test: 7/10
Total Reward: 1.0 Done: True
Test: 8/10
Total Reward: 1.0 Done: True
Test: 9/10
Total Reward: 1.0 Done: True
Test: 10/10
Total Reward: 1.0 Done: True
====================================================================================
- Your Total Score : 10.000 / 10.000
====================================================================================
pybullet build time: Sep 22 2020 00:55:20
text argument:./ravens/environments/assets/
int args: [